[backblue.gif]
[fade.gif]
[index.html]
[www.themelooks.org/demo/adalot/html/assets/images/favicon.png]
[www.themelooks.org/demo/adalot/html/assets/images/logo.png]
[www.themelooks.org/demo/adalot/html/assets/images/slider-images/slider-background.jpg]
[www.themelooks.org/demo/adalot/html/assets/images/slider-images/slider-1.png]
[www.themelooks.org/demo/adalot/html/assets/images/slider-images/slider-2.png]
[www.themelooks.org/demo/adalot/html/assets/images/signature.png]
[www.themelooks.org/demo/adalot/html/assets/images/about-images/person.jpg]
[www.themelooks.org/demo/adalot/html/assets/images/about-images/view-1.jpg]
[www.themelooks.org/demo/adalot/html/assets/images/about-images/view-2.jpg]
[www.themelooks.org/demo/adalot/html/assets/images/w-process-images/group.jpg]
[www.themelooks.org/demo/adalot/html/assets/images/services-images/image-1.jpg]
[www.themelooks.org/demo/adalot/html/assets/images/services-images/image-2.jpg]
[www.themelooks.org/demo/adalot/html/assets/images/team-images/person-1.jpg]
[www.themelooks.org/demo/adalot/html/assets/images/team-images/person-2.jpg]
[www.themelooks.org/demo/adalot/html/assets/images/team-images/person-3.jpg]
[www.themelooks.org/demo/adalot/html/assets/images/team-images/person-4.jpg]
[www.themelooks.org/demo/adalot/html/assets/images/internship-bg.jpg]
[www.themelooks.org/demo/adalot/html/assets/images/testimonials-images/client-1.jpg]
[www.themelooks.org/demo/adalot/html/assets/images/testimonials-images/client-2.jpg]
[www.themelooks.org/demo/adalot/html/assets/images/testimonials-images/client-3.jpg]
[www.themelooks.org/demo/adalot/html/assets/images/blog-images/blog-1.jpg]
[www.themelooks.org/demo/adalot/html/assets/images/blog-images/blog-2.jpg]
[www.themelooks.org/demo/adalot/html/assets/images/company-logos/logo-1.png]
[www.themelooks.org/demo/adalot/html/assets/images/company-logos/logo-2.png]
[www.themelooks.org/demo/adalot/html/assets/images/company-logos/logo-3.png]
[www.themelooks.org/demo/adalot/html/assets/images/company-logos/logo-4.png]
[www.themelooks.org/demo/adalot/html/assets/images/company-logos/logo-5.png]
[www.themelooks.org/demo/adalot/html/assets/images/company-logos/logo-6.png]
[www.themelooks.org/demo/adalot/html/assets/images/logo-icon.png]
[www.themelooks.org/demo/adalot/html/assets/js/jquery-3.3.1.min.js]
[www.themelooks.org/demo/adalot/html/assets/js/bootstrap.bundle.min.js]
[www.themelooks.org/demo/adalot/html/assets/plugins/owl-carousel/owl.carousel.min.js]
[www.themelooks.org/demo/adalot/html/assets/plugins/parollar/jquery.paroller.min.js]
[www.themelooks.org/demo/adalot/html/assets/plugins/waypoints/waypoints.js]
[www.themelooks.org/demo/adalot/html/assets/plugins/counterup/jquery.counterup.min.js]
[www.themelooks.org/demo/adalot/html/assets/plugins/ratinajs/retina.min.js]
[www.themelooks.org/demo/adalot/html/assets/js/menu.js]
[www.themelooks.org/demo/adalot/html/assets/plugins/nice-select/jquery.nice-select.min.js]
[www.themelooks.org/demo/adalot/html/assets/js/scripts.js]
[www.themelooks.org/demo/adalot/html/assets/js/custom.js]
[www.themelooks.org/demo/adalot/html/index04b9.html]
[www.themelooks.org/demo/adalot/html/assets/css/bootstrap.min.css]
[www.themelooks.org/demo/adalot/html/assets/fonts/fontawesome-webfont3e6e.eot]
[www.themelooks.org/demo/adalot/html/assets/fonts/fontawesome-webfontd41d.eot]
[www.themelooks.org/demo/adalot/html/assets/fonts/fontawesome-webfont3e6e.woff2]
[www.themelooks.org/demo/adalot/html/assets/fonts/fontawesome-webfont3e6e.woff]
[www.themelooks.org/demo/adalot/html/assets/fonts/fontawesome-webfont3e6e.ttf]
[www.themelooks.org/demo/adalot/html/assets/css/font-awesome.min.css]
[www.themelooks.org/demo/adalot/html/assets/plugins/owl-carousel/owl.carousel.min.css]
[www.themelooks.org/demo/adalot/html/assets/plugins/nice-select/nice-select.css]
[www.themelooks.org/demo/adalot/html/assets/css/style.css]
[www.themelooks.org/demo/adalot/html/assets/css/responsive.css]
[www.themelooks.org/demo/adalot/html/assets/css/custom.css]
[www.themelooks.org/demo/adalot/html/index.html]
[www.themelooks.org/demo/adalot/html/assets/images/page-title-bg.png]
[www.themelooks.org/demo/adalot/html/assets/images/team-images/person-5.jpg]
[www.themelooks.org/demo/adalot/html/assets/images/team-images/person-6.jpg]
[www.themelooks.org/demo/adalot/html/assets/images/team-images/person-7.jpg]
[www.themelooks.org/demo/adalot/html/assets/images/team-images/person-8.jpg]
[www.themelooks.org/demo/adalot/html/about.html]
[www.themelooks.org/demo/adalot/html/assets/images/practice-images/image-1.jpg]
[www.themelooks.org/demo/adalot/html/assets/images/practice-images/image-2.jpg]
[www.themelooks.org/demo/adalot/html/assets/images/practice-images/image-3.jpg]
[www.themelooks.org/demo/adalot/html/assets/images/practice-images/image-4.jpg]
[www.themelooks.org/demo/adalot/html/assets/images/practice-images/image-5.jpg]
[www.themelooks.org/demo/adalot/html/assets/images/practice-images/image-6.jpg]
[www.themelooks.org/demo/adalot/html/practice-area.html]
[www.themelooks.org/demo/adalot/html/lawyers.html]
[www.themelooks.org/demo/adalot/html/assets/images/result-images/result-1.jpg]
[www.themelooks.org/demo/adalot/html/lawyer-details.html]
[www.themelooks.org/demo/adalot/html/assets/images/result-images/result-2.jpg]
[www.themelooks.org/demo/adalot/html/assets/images/result-images/result-3.jpg]
[www.themelooks.org/demo/adalot/html/assets/images/result-images/result-4.jpg]
[www.themelooks.org/demo/adalot/html/search-result.html]
[www.themelooks.org/demo/adalot/html/assets/images/logo-dark.png]
[www.themelooks.org/demo/adalot/html/assets/images/404-bg.png]
[www.themelooks.org/demo/adalot/html/assets/images/404.png]
[www.themelooks.org/demo/adalot/html/404.html]
[www.themelooks.org/demo/adalot/html/assets/images/blog-images/blog-small-1.jpg]
[www.themelooks.org/demo/adalot/html/assets/images/blog-images/blog-small-2.jpg]
[www.themelooks.org/demo/adalot/html/assets/images/blog-images/blog-small-3.jpg]
[www.themelooks.org/demo/adalot/html/assets/images/blog-images/blog-big-1.jpg]
[www.themelooks.org/demo/adalot/html/assets/images/blog-images/blog-big-2.jpg]
[www.themelooks.org/demo/adalot/html/assets/images/blog-images/blog-big-3.jpg]
[www.themelooks.org/demo/adalot/html/assets/images/blog-images/blog-big-4.png]
[www.themelooks.org/demo/adalot/html/assets/images/blog-images/blog-big-5.png]
[www.themelooks.org/demo/adalot/html/assets/images/blog-images/blog-big-6.png]
[www.themelooks.org/demo/adalot/html/blog-left-sidebar.html]
[www.themelooks.org/demo/adalot/html/assets/images/blog-images/author.jpg]
[www.themelooks.org/demo/adalot/html/assets/images/blog-images/comment/author-1.jpg]
[www.themelooks.org/demo/adalot/html/assets/images/blog-images/comment/author-1-1.jpg]
[www.themelooks.org/demo/adalot/html/assets/images/blog-images/comment/author-2.jpg]
[www.themelooks.org/demo/adalot/html/assets/images/blog-images/comment/author-3.jpg]
[www.themelooks.org/demo/adalot/html/blog-details.html]
[www.themelooks.org/demo/adalot/html/contact.html]
[www.themelooks.org/demo/adalot/html/assets/images/rm-arrow.svg]
[www.themelooks.org/demo/adalot/html/assets/fonts/fontawesome-webfont3e6e.svg]
[www.themelooks.org/demo/adalot/html/assets/plugins/owl-carousel/owl.video.play.html]
[www.themelooks.org/demo/adalot/html/assets/images/p-next.svg]
